{"timestamp":"2025-12-03 18:05:15","event":"backup_failed","user":"1000000001","details":{"reason":"Zip extension not available"}}
{"timestamp":"2025-12-03 18:05:19","event":"backup_failed","user":"1000000001","details":{"reason":"Zip extension not available"}}
{"timestamp":"2025-12-03 18:09:55","event":"backup_success","user":"1000000001","details":{"file":"2025-12-03_18-09-52_backup.zip"}}
{"timestamp":"2025-12-03 18:10:21","event":"backup_success","user":"1000000001","details":{"file":"2025-12-03_18-10-19_backup.zip"}}
{"timestamp":"2025-12-03 18:10:23","event":"reset_success","user":"1000000001","details":{"backup":"2025-12-03_18-10-19_backup.zip"}}
{"timestamp":"2025-12-03 18:15:24","event":"backup_success","user":"1000000001","details":{"file":"2025-12-03_18-15-23_backup.sql"}}
{"timestamp":"2025-12-03 18:15:42","event":"backup_success","user":"1000000001","details":{"file":"2025-12-03_18-15-41_backup.sql"}}
{"timestamp":"2025-12-03 18:15:43","event":"reset_success","user":"1000000001","details":{"backup":"2025-12-03_18-15-41_backup.sql"}}
{"timestamp":"2025-12-03 18:20:40","event":"backup_success","user":"1000000001","details":{"file":"2025-12-03_18-20-38_backup.zip"}}
{"timestamp":"2025-12-03 18:20:41","event":"backup_reset_success","user":"1000000001","details":{"backup":"2025-12-03_18-20-38_backup.zip"}}
{"timestamp":"2025-12-03 18:27:18","event":"restore_latest_success","user":"1000000001","details":{"file":"2025-12-03_18-20-38_backup.zip"}}
{"timestamp":"2025-12-03 18:27:35","event":"restore_latest_success","user":"1000000001","details":{"file":"2025-12-03_18-20-38_backup.zip"}}
{"timestamp":"2025-12-03 18:29:59","event":"restore_latest_success","user":"1000000001","details":{"file":"2025-12-03_18-20-38_backup.zip","config_restored":["config.php","security.php"],"sample_counts":{"access_audit":0,"activities":0,"activity_submissions":0,"announcements":0,"batch_assignment_status":0}}}
{"timestamp":"2025-12-03 18:30:19","event":"restore_latest_success","user":"1000000001","details":{"file":"2025-12-03_18-20-38_backup.zip","config_restored":["config.php","security.php"],"sample_counts":{"access_audit":0,"activities":0,"activity_submissions":0,"announcements":0,"batch_assignment_status":0}}}
{"timestamp":"2025-12-03 18:33:36","event":"restore_latest_success","user":"1000000001","details":{"file":"2025-12-03_18-20-38_backup.zip","config_restored":["config.php","security.php"],"dirs_restored":[],"sample_counts":{"access_audit":0,"activities":0,"activity_submissions":0,"announcements":0,"batch_assignment_status":0}}}
{"timestamp":"2025-12-03 18:33:41","event":"restore_latest_success","user":"1000000001","details":{"file":"2025-12-03_18-20-38_backup.zip","config_restored":["config.php","security.php"],"dirs_restored":[],"sample_counts":{"access_audit":0,"activities":0,"activity_submissions":0,"announcements":0,"batch_assignment_status":0}}}
{"timestamp":"2025-12-03 18:39:03","event":"backup_success","user":"1000000001","details":{"file":"2025-12-03_18-38-58_backup.zip","includes":["database.sql","users_schema.sql","config","uploads","guest_data"]}}
{"timestamp":"2025-12-03 18:39:04","event":"backup_reset_success","user":"1000000001","details":{"backup":"2025-12-03_18-38-58_backup.zip"}}
{"timestamp":"2025-12-03 18:39:24","event":"backup_warning","user":"1000000001","details":{"reason":"No INSERT statements detected in database dump","file":"database_no_users.sql"}}
{"timestamp":"2025-12-03 18:39:28","event":"backup_success","user":"1000000001","details":{"file":"2025-12-03_18-39-23_backup.zip","includes":["database.sql","users_schema.sql","config","uploads","guest_data"]}}
{"timestamp":"2025-12-03 18:39:29","event":"backup_reset_success","user":"1000000001","details":{"backup":"2025-12-03_18-39-23_backup.zip"}}
{"timestamp":"2025-12-03 18:39:38","event":"restore_latest_success","user":"1000000001","details":{"file":"2025-12-03_18-39-23_backup.zip","config_restored":["config.php","security.php"],"dirs_restored":["uploads","guest_data"],"sample_counts":{"access_audit":0,"activities":0,"activity_submissions":0,"announcements":0,"batch_assignment_status":0}}}
{"timestamp":"2025-12-03 18:51:34","event":"backup_success","user":"1000000001","details":{"file":"2025-12-03_18-51-33_full_backup.sql"}}
{"timestamp":"2025-12-03 18:51:36","event":"reset_success","user":"1000000001","details":[]}
{"timestamp":"2025-12-03 18:52:02","event":"backup_success","user":"1000000001","details":{"file":"2025-12-03_18-52-02_full_backup.sql"}}
{"timestamp":"2025-12-03 18:52:04","event":"reset_success","user":"1000000001","details":[]}
{"timestamp":"2025-12-03 18:52:12","event":"restore_success","user":"1000000001","details":{"file":"2025-12-03_18-52-02_full_backup.sql","sample_counts":{"access_audit":0,"activities":0,"activity_submissions":0,"announcements":0,"batch_assignment_status":0}}}
{"timestamp":"2025-12-03 22:26:23","event":"backup_success","user":"11201123","details":{"file":"2025-12-03_22-26-23_full_backup.sql"}}
{"timestamp":"2025-12-03 22:43:46","event":"backup_success","user":"11201123","details":{"file":"2025-12-03_22-43-46_full_backup.sql"}}
{"timestamp":"2025-12-03 22:43:47","event":"reset_success","user":"11201123","details":[]}
{"timestamp":"2025-12-03 22:43:53","event":"backup_success","user":"11201123","details":{"file":"2025-12-03_22-43-53_full_backup.sql"}}
{"timestamp":"2025-12-03 22:43:58","event":"backup_success","user":"11201123","details":{"file":"2025-12-03_22-43-57_full_backup.sql"}}
{"timestamp":"2025-12-03 22:44:06","event":"restore_success","user":"11201123","details":{"file":"2025-12-03_22-43-57_full_backup.sql","sample_counts":{"activities":0,"activity_submissions":0,"announcements":0,"batch_assignment_status":0,"batch_assignments":0}}}
{"timestamp":"2025-12-03 22:44:18","event":"backup_deleted","user":"11201123","details":{"file":"2025-12-03_22-43-57_full_backup.sql"}}
{"timestamp":"2025-12-03 22:45:56","event":"backup_success","user":"11201123","details":{"file":"2025-12-03_22-45-55_full_backup.sql"}}
{"timestamp":"2025-12-03 22:45:56","event":"reset_success","user":"11201123","details":[]}
{"timestamp":"2025-12-03 22:46:00","event":"backup_success","user":"11201123","details":{"file":"2025-12-03_22-45-59_full_backup.sql"}}
{"timestamp":"2025-12-03 22:46:03","event":"restore_success","user":"11201123","details":{"file":"2025-12-03_22-45-59_full_backup.sql","sample_counts":{"activities":0,"activity_submissions":0,"announcements":0,"batch_assignment_status":0,"batch_assignments":0}}}
{"timestamp":"2025-12-03 22:46:07","event":"restore_success","user":"11201123","details":{"file":"2025-12-03_22-45-59_full_backup.sql"}}
{"timestamp":"2025-12-03 22:46:08","event":"backup_deleted","user":"11201123","details":{"file":"2025-12-03_22-45-59_full_backup.sql"}}
{"timestamp":"2025-12-04 14:42:56","event":"backup_success","user":"11204345","details":{"file":"2025-12-04_14-42-56_full_backup.sql"}}
{"timestamp":"2025-12-04 14:42:57","event":"reset_success","user":"11204345","details":[]}
{"timestamp":"2025-12-04 14:43:11","event":"restore_success","user":"11204345","details":{"file":"2025-12-04_14-42-56_full_backup.sql","sample_counts":{"activities":0,"activity_submissions":0,"announcements":0,"batch_assignment_status":0,"batch_assignments":0}}}
{"timestamp":"2025-12-04 15:08:20","event":"backup_success","user":"11204345","details":{"file":"2025-12-04_15-08-19_full_backup.sql"}}
{"timestamp":"2025-12-04 15:08:22","event":"reset_success","user":"11204345","details":[]}
{"timestamp":"2025-12-04 15:08:27","event":"backup_success","user":"11204345","details":{"file":"2025-12-04_15-08-26_full_backup.sql"}}
{"timestamp":"2025-12-04 15:08:32","event":"restore_success","user":"11204345","details":{"file":"2025-12-04_15-08-26_full_backup.sql","sample_counts":{"activities":0,"activity_submissions":0,"announcements":0,"batch_assignment_status":0,"batch_assignments":0}}}
{"timestamp":"2025-12-04 15:08:38","event":"restore_success","user":"11204345","details":{"file":"2025-12-04_15-08-26_full_backup.sql"}}
{"timestamp":"2025-12-04 16:01:43","event":"backup_success","user":"11204345","details":{"file":"2025-12-04_16-01-41_full_backup.sql"}}
{"timestamp":"2025-12-04 16:01:44","event":"reset_success","user":"11204345","details":[]}
{"timestamp":"2025-12-04 16:01:52","event":"backup_success","user":"11204345","details":{"file":"2025-12-04_16-01-51_full_backup.sql"}}
{"timestamp":"2025-12-04 16:01:59","event":"restore_success","user":"11204345","details":{"file":"2025-12-04_16-01-51_full_backup.sql","sample_counts":{"activities":0,"activity_submissions":0,"announcements":0,"batch_assignment_status":0,"batch_assignments":0}}}
{"timestamp":"2025-12-04 16:02:04","event":"restore_success","user":"11204345","details":{"file":"2025-12-04_16-01-51_full_backup.sql"}}
{"timestamp":"2025-12-04 16:02:07","event":"backup_deleted","user":"11204345","details":{"file":"2025-12-04_16-01-51_full_backup.sql"}}
{"timestamp":"2025-12-04 16:04:13","event":"restore_success","user":"11204345","details":{"file":"2025-12-04_16-01-41_full_backup.sql"}}
{"timestamp":"2025-12-04 16:04:18","event":"backup_deleted","user":"11204345","details":{"file":"2025-12-04_16-01-41_full_backup.sql"}}
{"timestamp":"2025-12-04 16:04:32","event":"backup_deleted","user":"11204345","details":{"file":"2025-12-04_15-08-19_full_backup.sql"}}
{"timestamp":"2025-12-04 16:04:59","event":"restore_success","user":"11204345","details":{"file":"2025-12-04_14-42-56_full_backup.sql"}}
{"timestamp":"2025-12-04 16:05:24","event":"backup_deleted","user":"11204345","details":{"file":"2025-12-04_15-08-26_full_backup.sql"}}
{"timestamp":"2025-12-04 16:05:31","event":"backup_deleted","user":"11204345","details":{"file":"2025-12-03_22-45-55_full_backup.sql"}}
{"timestamp":"2025-12-04 16:05:38","event":"backup_deleted","user":"11204345","details":{"file":"2025-12-03_22-43-53_full_backup.sql"}}
{"timestamp":"2025-12-04 16:05:45","event":"backup_deleted","user":"11204345","details":{"file":"2025-12-03_22-43-46_full_backup.sql"}}
{"timestamp":"2025-12-04 16:05:50","event":"backup_deleted","user":"11204345","details":{"file":"2025-12-03_22-26-23_full_backup.sql"}}
{"timestamp":"2025-12-04 16:13:08","event":"backup_success","user":"11204345","details":{"file":"2025-12-04_16-13-07_full_backup.sql"}}
{"timestamp":"2025-12-04 16:13:09","event":"reset_success","user":"11204345","details":[]}
{"timestamp":"2025-12-04 16:13:32","event":"restore_success","user":"11204345","details":{"file":"2025-12-04_16-13-07_full_backup.sql"}}
{"timestamp":"2025-12-04 16:14:06","event":"restore_success","user":"11204345","details":{"file":"2025-12-04_14-42-56_full_backup.sql"}}
{"timestamp":"2025-12-04 16:14:10","event":"backup_deleted","user":"11204345","details":{"file":"2025-12-04_16-13-07_full_backup.sql"}}
