[2025-12-02 16:52:45] ========================================
[2025-12-02 16:52:45] === NEW ENROLLMENT REQUEST ===
[2025-12-02 16:52:45] POST data: Array
(
    [course_code] => ASNCI
    [action] => enroll
)

[2025-12-02 16:52:45] Session user: Array
(
    [id] => 4
    [user_id] => 411071438
    [role] => guest
    [first_name] => Erick
    [last_name] => Gaceta
    [email] => gacetaerick124@gmail.com
    [contact_number] => 09123456789
    [profile_picture] => 
    [password_changed_at] => 2025-12-02 14:39:24
)

[2025-12-02 16:52:45] Parsed data:
[2025-12-02 16:52:45]   - course_code: ASNCI
[2025-12-02 16:52:45]   - trainee_id: 411071438
[2025-12-02 16:52:45]   - user_role: guest
[2025-12-02 16:52:45] ✅ Validation passed
[2025-12-02 16:52:45] ✅ Database connected
[2025-12-02 16:52:45] ✅ Course found: Automotive Servicing NC-1
[2025-12-02 16:52:45]   - course_id: 6
[2025-12-02 16:52:45]   - course_status: published
[2025-12-02 16:52:45] Creating new enrollment...
[2025-12-02 16:52:45] SQL: INSERT INTO enrollments (
        trainee_id, 
        course_code, 
        course_name, 
        status, 
        date_requested,
        student_id_verification,
        email_verification
    ) VALUES (?, ?, ?, ?, NOW(), ?, ?)
[2025-12-02 16:52:45] Values: Array
(
    [0] => 411071438
    [1] => ASNCI
    [2] => Automotive Servicing NC-1
    [3] => approved
    [4] => 
    [5] => 
)

[2025-12-02 16:52:45] ✅✅✅ SUCCESS! Enrollment ID: 37
[2025-12-02 16:52:45] Verification: Array
(
    [id] => 37
    [trainee_id] => 411071438
    [course_code] => ASNCI
    [course_name] => Automotive Servicing NC-1
    [batch_name] => 
    [status] => approved
    [remarks] => 
    [student_id_verification] => 
    [email_verification] => 
    [verification_status] => pending
    [date_requested] => 2025-12-02 15:52:45
    [processed_date] => 
    [processed_by] => 
    [progress_percentage] => 0.00
    [completion_date] => 
    [final_grade] => 
    [drop_date] => 
    [drop_reason] => 
    [dropped_by] => 
)

[2025-12-02 17:04:22] ========================================
[2025-12-02 17:04:22] === NEW ENROLLMENT REQUEST ===
[2025-12-02 17:04:22] POST data: Array
(
    [course_code] => ASNCI
    [action] => enroll
    [batch_name] => ASB1
)

[2025-12-02 17:04:22] Session user: Array
(
    [id] => 4
    [user_id] => 411071438
    [role] => guest
    [first_name] => Erick
    [last_name] => Gaceta
    [email] => gacetaerick124@gmail.com
    [contact_number] => 09123456789
    [profile_picture] => 
    [password_changed_at] => 2025-12-02 14:39:24
)

[2025-12-02 17:04:22] Parsed data:
[2025-12-02 17:04:22]   - course_code: ASNCI
[2025-12-02 17:04:22]   - trainee_id: 411071438
[2025-12-02 17:04:22]   - user_role: guest
[2025-12-02 17:04:22] ✅ Validation passed
[2025-12-02 17:04:22] ✅ Database connected
[2025-12-02 17:04:22] ✅ Course found: Automotive Servicing NC-1
[2025-12-02 17:04:22]   - course_id: 6
[2025-12-02 17:04:22]   - course_status: published
[2025-12-02 17:04:22] Creating new enrollment...
[2025-12-02 17:04:22] SQL: INSERT INTO enrollments (
        trainee_id, 
        course_code, 
        course_name, 
        batch_name,
        status, 
        date_requested,
        student_id_verification,
        email_verification
    ) VALUES (?, ?, ?, ?, ?, NOW(), ?, ?)
[2025-12-02 17:04:22] Values: Array
(
    [0] => 411071438
    [1] => ASNCI
    [2] => Automotive Servicing NC-1
    [3] => ASB1
    [4] => pending
    [5] => 
    [6] => 
)

[2025-12-02 17:04:22] ✅✅✅ SUCCESS! Enrollment ID: 38
[2025-12-02 17:04:22] Verification: Array
(
    [id] => 38
    [trainee_id] => 411071438
    [course_code] => ASNCI
    [course_name] => Automotive Servicing NC-1
    [batch_name] => ASB1
    [status] => pending
    [remarks] => 
    [student_id_verification] => 
    [email_verification] => 
    [verification_status] => pending
    [date_requested] => 2025-12-02 16:04:22
    [processed_date] => 
    [processed_by] => 
    [progress_percentage] => 0.00
    [completion_date] => 
    [final_grade] => 
    [drop_date] => 
    [drop_reason] => 
    [dropped_by] => 
)

[2025-12-03 04:32:09] ========================================
[2025-12-03 04:32:09] === NEW ENROLLMENT REQUEST ===
[2025-12-03 04:32:09] POST data: Array
(
    [course_code] => ITNCII
    [action] => enroll
    [batch_name] => sdfbn
)

[2025-12-03 04:32:09] Session user: Array
(
    [id] => 5
    [user_id] => 412025524
    [role] => guest
    [first_name] => Arlene
    [last_name] => Bayani
    [email] => arlenebayani04@gmail.com
    [contact_number] => 
    [profile_picture] => 
    [password_changed_at] => 
)

[2025-12-03 04:32:09] Parsed data:
[2025-12-03 04:32:09]   - course_code: ITNCII
[2025-12-03 04:32:09]   - trainee_id: 412025524
[2025-12-03 04:32:09]   - user_role: guest
[2025-12-03 04:32:09] ✅ Validation passed
[2025-12-03 04:32:09] ✅ Database connected
[2025-12-03 04:32:09] ✅ Course found: Information Technology
[2025-12-03 04:32:09]   - course_id: 6
[2025-12-03 04:32:09]   - course_status: published
[2025-12-03 04:32:09] Creating new enrollment...
[2025-12-03 04:32:09] SQL: INSERT INTO enrollments (
        trainee_id, 
        course_code, 
        course_name, 
        batch_name,
        status, 
        date_requested,
        student_id_verification,
        email_verification
    ) VALUES (?, ?, ?, ?, ?, NOW(), ?, ?)
[2025-12-03 04:32:09] Values: Array
(
    [0] => 412025524
    [1] => ITNCII
    [2] => Information Technology
    [3] => sdfbn
    [4] => pending
    [5] => 
    [6] => 
)

[2025-12-03 04:32:09] ✅✅✅ SUCCESS! Enrollment ID: 18
[2025-12-03 04:32:09] Verification: Array
(
    [id] => 18
    [trainee_id] => 412025524
    [course_code] => ITNCII
    [course_name] => Information Technology
    [batch_name] => sdfbn
    [status] => pending
    [remarks] => 
    [student_id_verification] => 
    [email_verification] => 
    [verification_status] => pending
    [date_requested] => 2025-12-03 03:32:09
    [processed_date] => 
    [processed_by] => 
    [progress_percentage] => 0.00
    [completion_date] => 
    [final_grade] => 
    [drop_date] => 
    [drop_reason] => 
    [dropped_by] => 
)

[2025-12-03 06:33:36] ========================================
[2025-12-03 06:33:36] === NEW ENROLLMENT REQUEST ===
[2025-12-03 06:33:36] POST data: Array
(
    [course_code] => ITNCII
    [action] => enroll
    [batch_name] => sdfbn
)

[2025-12-03 06:33:36] Session user: Array
(
    [id] => 9
    [user_id] => 412038863
    [role] => guest
    [first_name] => Sample
    [last_name] => Testing
    [email] => bayani@gmail.com
    [contact_number] => 
    [profile_picture] => 
    [password_changed_at] => 
)

[2025-12-03 06:33:36] Parsed data:
[2025-12-03 06:33:36]   - course_code: ITNCII
[2025-12-03 06:33:36]   - trainee_id: 412038863
[2025-12-03 06:33:36]   - user_role: guest
[2025-12-03 06:33:36] ✅ Validation passed
[2025-12-03 06:33:36] ✅ Database connected
[2025-12-03 06:33:36] ✅ Course found: Information Technology
[2025-12-03 06:33:36]   - course_id: 6
[2025-12-03 06:33:36]   - course_status: published
[2025-12-03 06:33:36] Creating new enrollment...
[2025-12-03 06:33:36] SQL: INSERT INTO enrollments (
        trainee_id, 
        course_code, 
        course_name, 
        batch_name,
        status, 
        date_requested,
        student_id_verification,
        email_verification
    ) VALUES (?, ?, ?, ?, ?, NOW(), ?, ?)
[2025-12-03 06:33:36] Values: Array
(
    [0] => 412038863
    [1] => ITNCII
    [2] => Information Technology
    [3] => sdfbn
    [4] => pending
    [5] => 
    [6] => 
)

[2025-12-03 06:33:36] ✅✅✅ SUCCESS! Enrollment ID: 21
[2025-12-03 06:33:36] Verification: Array
(
    [id] => 21
    [trainee_id] => 412038863
    [course_code] => ITNCII
    [course_name] => Information Technology
    [batch_name] => sdfbn
    [status] => pending
    [remarks] => 
    [student_id_verification] => 
    [email_verification] => 
    [verification_status] => pending
    [date_requested] => 2025-12-03 05:33:36
    [processed_date] => 
    [processed_by] => 
    [progress_percentage] => 0.00
    [completion_date] => 
    [final_grade] => 
    [drop_date] => 
    [drop_reason] => 
    [dropped_by] => 
)

[2025-12-06 14:26:23] ========================================
[2025-12-06 14:26:23] === NEW ENROLLMENT REQUEST ===
[2025-12-06 14:26:23] POST data: Array
(
    [course_code] => AUT-NCI
    [action] => enroll
    [batch_name] => Batch 1
)

[2025-12-06 14:26:23] Session user: Array
(
    [id] => 4
    [user_id] => 412063283
    [role] => guest
    [first_name] => Arlene
    [last_name] => Bayani
    [email] => arlenebayani04@gmail.com
    [contact_number] => 
    [profile_picture] => 
    [password_changed_at] => 
)

[2025-12-06 14:26:23] Parsed data:
[2025-12-06 14:26:23]   - course_code: AUT-NCI
[2025-12-06 14:26:23]   - trainee_id: 412063283
[2025-12-06 14:26:23]   - user_role: guest
[2025-12-06 14:26:23] ✅ Validation passed
[2025-12-06 14:26:23] ✅ Database connected
[2025-12-06 14:26:23] ✅ Course found: AUTOMOTIVE SERVICING
[2025-12-06 14:26:23]   - course_id: 2
[2025-12-06 14:26:23]   - course_status: published
[2025-12-06 14:26:23] Creating new enrollment...
[2025-12-06 14:26:23] SQL: INSERT INTO enrollments (
        trainee_id, 
        course_code, 
        course_name, 
        batch_name,
        status, 
        date_requested,
        student_id_verification,
        email_verification
    ) VALUES (?, ?, ?, ?, ?, NOW(), ?, ?)
[2025-12-06 14:26:23] Values: Array
(
    [0] => 412063283
    [1] => AUT-NCI
    [2] => AUTOMOTIVE SERVICING
    [3] => Batch 1
    [4] => pending
    [5] => 
    [6] => 
)

[2025-12-06 14:26:23] ✅✅✅ SUCCESS! Enrollment ID: 4
[2025-12-06 14:26:23] Verification: Array
(
    [id] => 4
    [trainee_id] => 412063283
    [course_code] => AUT-NCI
    [course_name] => AUTOMOTIVE SERVICING
    [batch_name] => Batch 1
    [status] => pending
    [remarks] => 
    [student_id_verification] => 
    [email_verification] => 
    [verification_status] => pending
    [date_requested] => 2025-12-06 13:26:23
    [processed_date] => 
    [processed_by] => 
    [progress_percentage] => 0.00
    [completion_date] => 
    [final_grade] => 
    [drop_date] => 
    [drop_reason] => 
    [dropped_by] => 
)

